[32m[K0000000000000020[m[K[36m[K:[m[K [41;1m[K0201[m[K [41;1m[K[m[KFFFF FFFF FFFF FFFF FFFF FFFF FF[41;1m[K02[m[K  [41;1m[K..[m[K.............[41;1m[K.[m[K
[32m[K0000000000000030[m[K[36m[K:[m[K [41;1m[K01[m[KFF FFFF FFFF FFFF FFFF FFFF FFFF FFFF  [41;1m[K.[m[K...............
[32m[K0000000000000080[m[K[36m[K:[m[K 0403 [41;1m[K0201[m[K [41;1m[K[m[KFFFF FFFF FFFF FFFF FF04 03[41;1m[K02[m[K  ..[41;1m[K..[m[K...........[41;1m[K.[m[K
[32m[K0000000000000090[m[K[36m[K:[m[K [41;1m[K01[m[KFF FFFF FFFF FFFF FFFF FFFF FFFF 0403  [41;1m[K.[m[K...............
[32m[K00000000000000A0[m[K[36m[K:[m[K [41;1m[K0201[m[K [41;1m[K[m[KFFFF FFFF FFFF FFFF FFFF FFFF FF04  [41;1m[K..[m[K..............
[32m[K00000000000000B0[m[K[36m[K:[m[K 03[41;1m[K02[m[K [41;1m[K01[m[KFF FFFF FFFF FFFF FFFF FFFF FFFF  .[41;1m[K..[m[K.............
[32m[K0000000000000140[m[K[36m[K:[m[K 0807 0605 0403 [41;1m[K0201[m[K [41;1m[K[m[KFF08 0706 0504 03[41;1m[K02[m[K  ......[41;1m[K..[m[K.......[41;1m[K.[m[K
[32m[K0000000000000150[m[K[36m[K:[m[K [41;1m[K01[m[KFF FFFF FFFF FFFF FFFF 0807 0605 0403  [41;1m[K.[m[K...............
[32m[K0000000000000160[m[K[36m[K:[m[K [41;1m[K0201[m[K [41;1m[K[m[KFFFF FFFF FFFF FFFF FF08 0706 0504  [41;1m[K..[m[K..............
[32m[K0000000000000170[m[K[36m[K:[m[K 03[41;1m[K02[m[K [41;1m[K01[m[KFF FFFF FFFF FFFF FFFF 0807 0605  .[41;1m[K..[m[K.............
[32m[K0000000000000180[m[K[36m[K:[m[K 0403 [41;1m[K0201[m[K [41;1m[K[m[KFFFF FFFF FFFF FFFF FF08 0706  ..[41;1m[K..[m[K............
[32m[K0000000000000190[m[K[36m[K:[m[K 0504 03[41;1m[K02[m[K [41;1m[K01[m[KFF FFFF FFFF FFFF FFFF 0807  ...[41;1m[K..[m[K...........
[32m[K00000000000001A0[m[K[36m[K:[m[K 0605 0403 [41;1m[K0201[m[K [41;1m[K[m[KFFFF FFFF FFFF FFFF FF08  ....[41;1m[K..[m[K..........
[32m[K00000000000001B0[m[K[36m[K:[m[K 0706 0504 03[41;1m[K02[m[K [41;1m[K01[m[KFF FFFF FFFF FFFF FFFF  .....[41;1m[K..[m[K.........
