[32m[K0000000000000040[m[K[36m[K:[m[K [41;1m[K0102[m[K [41;1m[K0304[m[K [41;1m[K[m[KFFFF FFFF  FFFF FFFF FF[41;1m[K01[m[K [41;1m[K0203[m[K  [41;1m[K....[m[K.........[41;1m[K...[m[K
[32m[K0000000000000050[m[K[36m[K:[m[K [41;1m[K04[m[KFF FFFF FFFF FFFF  FFFF FFFF FFFF [41;1m[K0102[m[K  [41;1m[K.[m[K.............[41;1m[K..[m[K
[32m[K0000000000000060[m[K[36m[K:[m[K [41;1m[K0304[m[K [41;1m[K[m[KFFFF FFFF FFFF  FFFF FFFF FFFF FF[41;1m[K01[m[K  [41;1m[K..[m[K.............[41;1m[K.[m[K
[32m[K0000000000000070[m[K[36m[K:[m[K [41;1m[K0203[m[K [41;1m[K04[m[KFF FFFF FFFF  FFFF FFFF FFFF FFFF  [41;1m[K...[m[K.............
[32m[K00000000000000C0[m[K[36m[K:[m[K [41;1m[K0102[m[K [41;1m[K0304[m[K [41;1m[K[m[K0506 0708  FF[41;1m[K01[m[K [41;1m[K0203[m[K [41;1m[K04[m[K05 0607  [41;1m[K....[m[K.....[41;1m[K....[m[K...
[32m[K00000000000000D0[m[K[36m[K:[m[K 08FF FFFF FFFF FFFF  FFFF [41;1m[K0102[m[K [41;1m[K0304[m[K [41;1m[K[m[K0506  ..........[41;1m[K....[m[K..
[32m[K00000000000000E0[m[K[36m[K:[m[K 0708 FFFF FFFF FFFF  FFFF FF[41;1m[K01[m[K [41;1m[K0203[m[K [41;1m[K04[m[K05  ...........[41;1m[K....[m[K.
[32m[K00000000000000F0[m[K[36m[K:[m[K 0607 08FF FFFF FFFF  FFFF FFFF [41;1m[K0102[m[K [41;1m[K0304[m[K  ............[41;1m[K....[m[K
[32m[K0000000000000100[m[K[36m[K:[m[K 0506 0708 FFFF FFFF  FFFF FFFF FF[41;1m[K01[m[K [41;1m[K0203[m[K  .............[41;1m[K...[m[K
[32m[K0000000000000110[m[K[36m[K:[m[K [41;1m[K04[m[K05 0607 08FF FFFF  FFFF FFFF FFFF [41;1m[K0102[m[K  [41;1m[K.[m[K.............[41;1m[K..[m[K
[32m[K0000000000000120[m[K[36m[K:[m[K [41;1m[K0304[m[K [41;1m[K[m[K0506 0708 FFFF  FFFF FFFF FFFF FF[41;1m[K01[m[K  [41;1m[K..[m[K.............[41;1m[K.[m[K
[32m[K0000000000000130[m[K[36m[K:[m[K [41;1m[K0203[m[K [41;1m[K04[m[K05 0607 08FF  FFFF FFFF FFFF FFFF  [41;1m[K...[m[K.............
