[32m[K0000000000000000[m[K[36m[K:[m[K FF[41;1m[KD8[m[K [41;1m[KFF[m[KE1 020A 4578 6966 0000 4D4D 002A  .[41;1m[K..[m[K...Exif..MM.*
