[32m[K0000000000000000[m[K[36m[K:[m[K [41;1m[KFFD8[m[K [41;1m[K[m[KFFE1 020A 4578 6966 0000 4D4D 002A  [41;1m[K..[m[K....Exif..MM.*
