[32m[K0000000000000140[m[K[36m[K:[m[K 0807 [41;1m[K0605[m[K [41;1m[K0403[m[K [41;1m[K0201[m[K  [41;1m[K[m[KFF08 07[41;1m[K06[m[K [41;1m[K0504[m[K [41;1m[K0302[m[K  ..[41;1m[K......[m[K...[41;1m[K.....[m[K
[32m[K0000000000000150[m[K[36m[K:[m[K [41;1m[K01[m[KFF FFFF FFFF FFFF  FFFF 0807 [41;1m[K0605[m[K [41;1m[K0403[m[K  [41;1m[K.[m[K...........[41;1m[K....[m[K
[32m[K0000000000000160[m[K[36m[K:[m[K [41;1m[K0201[m[K [41;1m[K[m[KFFFF FFFF FFFF  FFFF FF08 07[41;1m[K06[m[K [41;1m[K0504[m[K  [41;1m[K..[m[K...........[41;1m[K...[m[K
[32m[K0000000000000170[m[K[36m[K:[m[K [41;1m[K0302[m[K [41;1m[K01[m[KFF FFFF FFFF  FFFF FFFF 0807 [41;1m[K0605[m[K  [41;1m[K...[m[K...........[41;1m[K..[m[K
[32m[K0000000000000180[m[K[36m[K:[m[K [41;1m[K0403[m[K [41;1m[K0201[m[K [41;1m[K[m[KFFFF FFFF  FFFF FFFF FF08 07[41;1m[K06[m[K  [41;1m[K....[m[K...........[41;1m[K.[m[K
[32m[K0000000000000190[m[K[36m[K:[m[K [41;1m[K0504[m[K [41;1m[K0302[m[K [41;1m[K01[m[KFF FFFF  FFFF FFFF FFFF 0807  [41;1m[K.....[m[K...........
[32m[K00000000000001A0[m[K[36m[K:[m[K [41;1m[K0605[m[K [41;1m[K0403[m[K [41;1m[K0201[m[K [41;1m[K[m[KFFFF  FFFF FFFF FFFF FF08  [41;1m[K......[m[K..........
[32m[K00000000000001B0[m[K[36m[K:[m[K 07[41;1m[K06[m[K [41;1m[K0504[m[K [41;1m[K0302[m[K [41;1m[K01[m[KFF  FFFF FFFF FFFF FFFF  .[41;1m[K......[m[K.........
