0000000000000400: 494D 043B 0000 0000  01B2 0000 0010 0000  IM.;............
