[32m[K0000000000000000[m[K[36m[K:[m[K [41;1m[K30[m[K31 3233 3435 3637 3839 4142 4344 450A  [41;1m[K0[m[K123456789ABCDE.
[36m[K----------------
[m[K[32m[K0000000000000020[m[K[36m[K:[m[K [41;1m[K30[m[K31 3233 3435 3637 3839 4142 4344 450A  [41;1m[K0[m[K123456789ABCDE.
