0000000000000000: FFD8 FFE1 020A 4578 6966 0000 4D4D 002A  ......Exif..MM.*
