0000000000000000: FFD8 FFE1                                 ....
