FFD8FFE1020A4578696600004D4D002A00000008000F010000030000000100C8
0000010100030000000100C800000102000300000003000000C2010600030000
000100020000010E000200000030000000C80112000300000001000100000115
00030000000100030000011A000500000001000000F8011B0005000000010000
0100012800030000000100020000013100020000002000000108013200020000
001400000128013B00020000000E0000013C82980002000000200000014A8769
0004000000010000016C000001A40008000800085061756C204A2E204C756361
7320706F7274726169742077656172696E67206120436F6E647563746F722063
61702E00000AFC8000002710000AFC800000271041646F62652050686F746F73
686F70204353352E31204D6163696E746F736800323031353A30353A32352032
323A30393A3431005061756C204A2E204C7563617300436F7079726967687420
C2A92032303133205061756C204A2E204C756361730000000004900000070000
000430323231A00100030000000100010000A002000400000001000000C8A003
000400000001000000C80000000000000006010300030000000100060000011A
000500000001000001F2011B000500000001000001FA01280003000000010002
0000020100040000000100000202020200040000000100000000000000000000
0048000000010000004800000001FFED093E50686F746F73686F7020332E3000
3842494D04040000000001161C015A00031B25471C0200000200001C0278002F
5061756C204A2E204C7563617320706F7274726169742077656172696E672061
20436F6E647563746F72206361702E1C026900165061756C204A2E204C756361
7320706F7274726169741C0250000D5061756C204A2E204C756361731C026E00
0D5061756C204A2E204C756361731C0273000D5061756C204A2E204C75636173
1C020500165061756C204A2E204C7563617320706F7274726169741C025A000D
53616E204672616E636973636F1C025F000243411C026500035553411C026400
0255531C02190009636F6E647563746F721C02190008706F7274726169741C02
74001F436F7079726967687420C2A92032303133205061756C204A2E204C7563
61733842494D042500000000001044309C9AC609ED7314C936CD42D72C5E3842
494D043A000000000093000000100000000100000000000B7072696E744F7574
7075740000000500000000436C7253656E756D00000000436C72530000000052
47424300000000496E7465656E756D00000000496E746500000000436C726D00
0000004D70426C626F6F6C010000000F7072696E745369787465656E42697462
6F6F6C000000000B7072696E7465724E616D6554455854000000010000003842
494D043B0000000001B200000010000000010000000000127072696E744F7574
7075744F7074696F6E7300000012000000004370746E626F6F6C000000000043
6C6272626F6F6C00000000005267734D626F6F6C000000000043726E43626F6F
6C0000000000436E7443626F6F6C00000000004C626C73626F6F6C0000000000
4E677476626F6F6C0000000000456D6C44626F6F6C0000000000496E7472626F
6F6C000000000042636B674F626A630000000100000000000052474243000000
030000000052642020646F7562406FE000000000000000000047726E20646F75
62406FE0000000000000000000426C2020646F7562406FE00000000000000000
0042726454556E744623526C74000000000000000000000000426C6420556E74
4623526C7400000000000000000000000052736C74556E74462350786C405200
00000000000000000A766563746F7244617461626F6F6C010000000050675073
656E756D00000000506750730000000050675043000000004C656674556E7446
23526C74000000000000000000000000546F7020556E744623526C7400000000
000000000000000053636C20556E74462350726340590000000000003842494D
03ED000000000010004800000001000100480000000100013842494D04260000
0000000E000000000000000000003F8000003842494D040D0000000000040000
001E3842494D04190000000000040000001E3842494D03F30000000000090000
00000000000001003842494D040A00000000000101003842494D271000000000
000A000100000000000000013842494D03F5000000000048002F66660001006C
66660006000000000001002F6666000100A1999A000600000000000100320000
0001005A00000006000000000001003500000001002D00000006000000000001
3842494D03F80000000000700000FFFFFFFFFFFFFFFFFFFFFFFFFFFFFFFFFFFF
FFFFFFFF03E800000000FFFFFFFFFFFFFFFFFFFFFFFFFFFFFFFFFFFFFFFFFFFF
03E800000000FFFFFFFFFFFFFFFFFFFFFFFFFFFFFFFFFFFFFFFFFFFF03E80000
0000FFFFFFFFFFFFFFFFFFFFFFFFFFFFFFFFFFFFFFFFFFFF03E800003842494D
0408000000000010000000010000024000000240000000003842494D041E0000
00000004000000003842494D041A000000000357000000060000000000000000
000000C8000000C8000000110070006A006C002D0063006F006E006400750063
0074006F0072002D003200300030000000010000000000000000000000000000
0000000000010000000000000000000000C8000000C800000000000000000000
0000000000000100000000000000000000000000000000000000100000000100
00000000006E756C6C0000000200000006626F756E64734F626A630000000100
0000000000526374310000000400000000546F70206C6F6E6700000000000000
004C6566746C6F6E67000000000000000042746F6D6C6F6E67000000C8000000
00526768746C6F6E67000000C800000006736C69636573566C4C73000000014F
626A6300000001000000000005736C6963650000001200000007736C69636549
446C6F6E67000000000000000767726F757049446C6F6E670000000000000006
6F726967696E656E756D0000000C45536C6963654F726967696E0000000D6175
746F47656E6572617465640000000054797065656E756D0000000A45536C6963
655479706500000000496D672000000006626F756E64734F626A630000000100
0000000000526374310000000400000000546F70206C6F6E6700000000000000
004C6566746C6F6E67000000000000000042746F6D6C6F6E67000000C8000000
00526768746C6F6E67000000C80000000375726C544558540000000100000000
00006E756C6C54455854000000010000000000004D7367655445585400000001
000000000006616C74546167544558540000000100000000000E63656C6C5465
7874497348544D4C626F6F6C010000000863656C6C5465787454455854000000
01000000000009686F727A416C69676E656E756D0000000F45536C696365486F
727A416C69676E0000000764656661756C740000000976657274416C69676E65
6E756D0000000F45536C69636556657274416C69676E0000000764656661756C
740000000B6267436F6C6F7254797065656E756D0000001145536C6963654247
436F6C6F7254797065000000004E6F6E6500000009746F704F75747365746C6F
6E67000000000000000A6C6566744F75747365746C6F6E67000000000000000C
626F74746F6D4F75747365746C6F6E67000000000000000B72696768744F7574
7365746C6F6E6700000000003842494D042800000000000C000000023FF00000
000000003842494D0414000000000004000000013842494D0421000000000059
00000001010000000F00410064006F00620065002000500068006F0074006F00
730068006F00700000001500410064006F00620065002000500068006F007400
6F00730068006F00700020004300530035002E003100000001003842494D0406
0000000000070004010100010100FFE1116D687474703A2F2F6E732E61646F62
652E636F6D2F7861702F312E302F003C3F787061636B657420626567696E3D22
EFBBBF222069643D2257354D304D7043656869487A7265537A4E54637A6B6339
64223F3E203C783A786D706D65746120786D6C6E733A783D2261646F62653A6E
733A6D6574612F2220783A786D70746B3D2241646F626520584D5020436F7265
20352E302D633036312036342E3134303934392C20323031302F31322F30372D
31303A35373A30312020202020202020223E203C7264663A52444620786D6C6E
733A7264663D22687474703A2F2F7777772E77332E6F72672F313939392F3032
2F32322D7264662D73796E7461782D6E7323223E203C7264663A446573637269
7074696F6E207264663A61626F75743D222220786D6C6E733A6372733D226874
74703A2F2F6E732E61646F62652E636F6D2F63616D6572612D7261772D736574
74696E67732F312E302F2220786D6C6E733A70686F746F73686F703D22687474
703A2F2F6E732E61646F62652E636F6D2F70686F746F73686F702F312E302F22
20786D6C6E733A786D703D22687474703A2F2F6E732E61646F62652E636F6D2F
7861702F312E302F2220786D6C6E733A64633D22687474703A2F2F7075726C2E
6F72672F64632F656C656D656E74732F312E312F2220786D6C6E733A786D7052
69676874733D22687474703A2F2F6E732E61646F62652E636F6D2F7861702F31
2E302F7269676874732F2220786D6C6E733A4970746334786D70436F72653D22
687474703A2F2F697074632E6F72672F7374642F4970746334786D70436F7265
2F312E302F786D6C6E732F2220786D6C6E733A786D704D4D3D22687474703A2F
2F6E732E61646F62652E636F6D2F7861702F312E302F6D6D2F2220786D6C6E73
3A73744576743D22687474703A2F2F6E732E61646F62652E636F6D2F7861702F
312E302F73547970652F5265736F757263654576656E742322206372733A416C
72656164794170706C6965643D2254727565222070686F746F73686F703A436F
6C6F724D6F64653D2233222070686F746F73686F703A49434350726F66696C65
3D226332222070686F746F73686F703A436974793D2253616E204672616E6369
73636F222070686F746F73686F703A53746174653D224341222070686F746F73
686F703A436F756E7472793D22555341222070686F746F73686F703A48656164
6C696E653D225061756C204A2E204C7563617320706F72747261697422207068
6F746F73686F703A4372656469743D225061756C204A2E204C75636173222070
686F746F73686F703A536F757263653D225061756C204A2E204C756361732220
786D703A437265617465446174653D22323031342D30372D32395430373A3132
3A32332D30373A30302220786D703A4D6F64696679446174653D22323031352D
30352D32355432323A30393A34312D30373A30302220786D703A4D6574616461
7461446174653D22323031352D30352D32355432323A30393A34312D30373A30
30222064633A666F726D61743D22696D6167652F6A7065672220786D70526967
6874733A4D61726B65643D225472756522204970746334786D70436F72653A43
6F756E747279436F64653D2255532220786D704D4D3A496E7374616E63654944
3D22786D702E6969643A30313830313137343037323036383131383843364431
343346394641444233362220786D704D4D3A446F63756D656E7449443D22786D
702E6469643A3031383031313734303732303638313138384336443134334639
4641444233362220786D704D4D3A4F726967696E616C446F63756D656E744944
3D22786D702E6469643A30313830313137343037323036383131383843364431
34334639464144423336223E203C64633A63726561746F723E203C7264663A53
65713E203C7264663A6C693E5061756C204A2E204C756361733C2F7264663A6C
693E203C2F7264663A5365713E203C2F64633A63726561746F723E203C64633A
6465736372697074696F6E3E203C7264663A416C743E203C7264663A6C692078
6D6C3A6C616E673D22782D64656661756C74223E5061756C204A2E204C756361
7320706F7274726169742077656172696E67206120436F6E647563746F722063
61702E3C2F7264663A6C693E203C2F7264663A416C743E203C2F64633A646573
6372697074696F6E3E203C64633A7375626A6563743E203C7264663A4261673E
203C7264663A6C693E636F6E647563746F723C2F7264663A6C693E203C726466
3A6C693E706F7274726169743C2F7264663A6C693E203C2F7264663A4261673E
203C2F64633A7375626A6563743E203C64633A7269676874733E203C7264663A
416C743E203C7264663A6C6920786D6C3A6C616E673D22782D64656661756C74
223E436F7079726967687420C2A92032303133205061756C204A2E204C756361
733C2F7264663A6C693E203C2F7264663A416C743E203C2F64633A7269676874
733E203C64633A7469746C653E203C7264663A416C743E203C7264663A6C6920
786D6C3A6C616E673D22782D64656661756C74223E5061756C204A2E204C7563
617320706F7274726169743C2F7264663A6C693E203C2F7264663A416C743E20
3C2F64633A7469746C653E203C4970746334786D70436F72653A43726561746F
72436F6E74616374496E666F204970746334786D70436F72653A436941647243
6974793D2253616E204672616E636973636F22204970746334786D70436F7265
3A4369416472526567696F6E3D22434122204970746334786D70436F72653A43
69416472437472793D2255534122204970746334786D70436F72653A4369456D
61696C576F726B3D227061756C406C756361736D61696C2E6F7267222F3E203C
786D704D4D3A486973746F72793E203C7264663A5365713E203C7264663A6C69
2073744576743A616374696F6E3D227361766564222073744576743A696E7374
616E636549443D22786D702E6969643A30313830313137343037323036383131
38384336443134334639464144423336222073744576743A7768656E3D223230
31352D30352D32355432323A30393A34312D30373A3030222073744576743A73
6F6674776172654167656E743D2241646F62652050686F746F73686F70204353
352E31204D6163696E746F7368222073744576743A6368616E6765643D222F22
2F3E203C2F7264663A5365713E203C2F786D704D4D3A486973746F72793E203C
2F7264663A4465736372697074696F6E3E203C2F7264663A5244463E203C2F78
3A786D706D6574613E2020202020202020202020202020202020202020202020
2020202020202020202020202020202020202020202020202020202020202020
------------: (1984 | 0x7C0)
202020202020202020203C3F787061636B657420656E643D2277223F3EFFE202
1C4943435F50524F46494C450001010000020C6C636D73021000006D6E747252
47422058595A2007DC00010019000300290039616373704150504C0000000000
000000000000000000000000000000000000000000F6D6000100000000D32D6C
636D730000000000000000000000000000000000000000000000000000000000
0000000000000000000000000000000000000A64657363000000FC0000005E63
7072740000015C0000000B777470740000016800000014626B70740000017C00
0000147258595A00000190000000146758595A000001A4000000146258595A00
0001B80000001472545243000001CC0000004067545243000001CC0000004062
545243000001CC00000040646573630000000000000003633200000000000000
0000000000000000000000000000000000000000000000000000000000000000
------------: (32 | 0x20)
000000000000000000000074657874000000004642000058595A200000000000
00F6D6000100000000D32D58595A20000000000000031600000333000002A458
595A200000000000006FA2000038F50000039058595A20000000000000629900
00B785000018DA58595A2000000000000024A000000F840000B6CF6375727600
0000000000001A000000CB01C903630592086B0BF6103F15511B3421F1299032
183B92460551775DED6B707A0589B19A7CAC69BF7DD3C3E930FFFFFFEE002141
646F62650064000000000103001003020306000000000000000000000000FFDB
0084000604040405040605050609060506090B080606080B0C0A0A0B0A0A0C10
0C0C0C0C0C0C100C0C0C0C0C0C0C0C0C0C0C0C0C0C0C0C0C0C0C0C0C0C0C0C0C
0C0C0C010707070D0C0D18101018140E0E0E14140E0E0E0E14110C0C0C0C0C11
110C0C0C0C0C0C110C0C0C0C0C0C0C0C0C0C0C0C0C0C0C0C0C0C0C0C0C0C0C0C
0C0C0C0CFFC200110800C800C803011100021101031101FFC400CD0000010403
0101000000000000000000000503040607000102080901000203010101000000
0000000000000002030001040506071000010402020103030403010100000000
0100020304110512061021130720221431322315304108162411000102030503
060A060706060300000002010300120411223213052142523141627223141051
618292B2334353062071A2C263B3E2738393D32415F08191D2F24430A1D1A3C3
2554740712000005030402030000000000000000000040F011213001D22060A1
D1507080B122FFDA000C03010102110311000000F54C99264992649926AA0E20
ACF4E3AEF5E11962CE1B01B444D1ABE80952AF4963E8586B764995324CB99265
4CB992649926488495968C35AE8CA35E91F2D955B68480970249DD2624B85DC3
8F65FC8D192248251B32C724E8E6CE649926AA478D74B6CE70034B028C8A3791
1B8D80D855B58484BD812F5728CDA3D978B56488E22EB457299C0DA794DFF7D3
926A486333D35AB00B211971A9444A369060DB512EAED486BC1EC0B2C88ACBD7
FC7DE41539CECD04EB48E3E9AF39847BA9C923E4143E8E70A600B91B146920BB
3ED6DB031BE07D1C899C4644C66849CD14A333ECDC2DBB31393C45CE73E64DEA
06999C67D464C92916E483BF2082B6720E13611B6421B2FC3A5E737550BEAB8A
C9CBE245964E00DC2ACAE1D80F6A3D89C2D64B297282E644524DD2C3BECB1649
E7BD3861E481F20AB63D536D4C1B076818A306B6D79642F5732E3086B2AA7360
4EE375BE3F9DBEABE1EAB979E69A8B2A9B012A50B7AFC9924209540BF1843393
E0D324C7A9A5854BD7C4E34A19B2A3A1081D8E28365C8D4641170FCBB1C01DDB
C8D7E94E45750791BE46D983A4BEDB9B92654A498A88AEEDDE26AF3CF61513E8
E270D53721150E7651CE9CB579B5C545706C0F8F6098A72367F2E9F65794D923
A4A39D890927652CF77C9C93551BC959E46537A1313DD9461522CAE88258D594
CFA863412D998573BA721E577612DCB146E078C07AB67A5BCCF56D3E4D6975C8
1236C987BCE2EAE60CC923D75E68D39A30506B41A1D624E5D456D88D75A82B7C
DD698E2DE710FC9551EEE525617064EBB2CDBFD05E5B0104D2224D9673EFA279
FD2A6AA64888952FA73571A43885151BE1A265A3151D11B4EB26B74C50F3A87A
C2717D39189679863EC3AA271C8C178F0B4A204D28EC8F7FE6F944CABE026495
A3A49F7E38D355E727586366B174444D021C0544AC2C5A18094B52E271B5BE8E
5CB15D520155AE6E67ACBC8749086DECECCF6FE6B59E7157B29C26F5B150EE8E
5A45B29126261BE779756DA02EEE4025A5BA4687C89069B2557AB976BE6EA8AA
CD592F17AB3C5F5FBA06C47637AFF39A5970130A2432B1EDA2AFA60D07D7CF26
7193107165342B45C4324B6C9B3B5FA899684557A79F33CBB2AAD1CF3FCF2F54
78CEDEA03022B53D479CD28B9938189B2415C4B2B5057D527D383A6E44D0594D
6074AC3976569D19B0916D18E00ECB0A6E6D9A4FE4D1EB1F05DEED46D1B56A7A
4F3DA54E00B1919A5F15D247D0C8C6C952F58C086E6A54D485380E44A62833C3
3046BFD3860BA72C609405A83B9D9E96F1FDC9B723572D0B43BDC2E1534536C9
B19BD42031EB0C4EAC3B6F8D9690059E06483908C0994193343558302D38602F
C9C8B63B59EEDE1F4EEDF33BF81A66C1B5FB7C4E564994EDF1AE672ED58EC9A9
006D3DE86557B110F72388449764444BD5C855B13B904D3CF156AB170F466DC2
74BB9AF5D34843D41B47B9C6E545ABA401ACD6FDCA405888B29DF4192BAD888E
6BD2B47AB7644104073BF510A3BAF74E436964F32EC9F718647C7DBD2EDBC362
437175791C289B81EEAD82F4243328D9D1545E871433A6B901741D09EC50AC00
B77106E406D4C4DAAB2F2ED9867D564743CFD07C7E85FBE53B0855F5616CEFE7
B75926B3EA4168D1B39CDDB7A2AF7A79E13DCCD248B6260CC5E4A3C31DD7FA71
C5346420A75918FA53834DE5AF81E07D6564793EDDA1E7BA4B45DB7AB0F0B26A
93DC24858D21B4A2448DA98D6BDFC823A58F1F1551B5328A3421EFCAE40E579F
A16452BD18DE70CD9CDF9E2F6B0065A3E67AD6F79CE8DDACC8928D8A9A9C21E4
5DA89B5180D88ABBD27361BD5C76420C69358900B318E9DEC1A4D7A6C73C9E97
BCAFA152FBB9BE337B5BA4D72599CEEF7AFCF3B8390FE6146772E33B921F4846
B6A209D6E70E6D3892C449CC1671E2A83CD2D03538856E9F36F82CA6D1B3995E
4CEBF26858C6CB3524E4E7FFDA0008010200010500FA8141994D8309831F4144
780A6FD7CE7CE3EB6C29AC59FA4A211081532E6B9A13650765735CD72FA3298C
4C1843E82567E828053372B2B09C144E4C6E0471FA924F909B1E570F03E8289F
A0A28B7289465C291E992A99D8207A3641E58163CE565138467C26EC812D7E47
8216139C1822B209BCCC1FDE2D4849C9C3DC794F64F17BB3E583E8CACA7C89EF
4F848918311F82E5C97B4641F885A6667B8D1F6BA7232F90001C0A73C14E7796
3914EF54DF4534BED2363DC2C7E518B2991616709CE4E1E3283F09F227BD6C65
45E8B90714E7143D7CB1DE1AACCFC5492F05145EF28E0C2E3841C9C500BDB463
458A4184538655F8B3E309D3042605364C7908156A7F6C3ED39E61AE426B70B2
8145E4A6B8A61E29CEE4B87153CA9AE4E28314D1A95B82E7FA4899E89D213E4A
CAB11F254E0684D722E40A0B904FB002AF2FB89EDE2ACDB4E979163BC30A902D
8C5C4ACE5129B203E32B2B29A9A820510022F011792BDB25364E0A69B9A704E0
98EE29839A2F523D3DBF6CECE2ECA3E0A25656517A85FE3280250AA4A380BDE0
11FBD18F09C13935BC935FC1481109A7276F08033E027B9724E98A1295FB8557
702104C28B93E5CA6143D139F8594427951A7940267EEDA8FB7C07290AE48BC2
6B820FC0A83990820539C83503841E9C9CDC273B09C544A46E1176147FBB683E
DF01A9EE5C907A12287EF30B1AD125801326CACACA7B50779739393944885247
950B38B36AEFE2E6B39413DC839108941FC50E4F5665C2A6ECACACA7B906ACAC
AE4894E512E4983287ECBB5F9452C784D28225128208B8E4CC407138A1210427
39725C9725C963C61469ADF4887AB4654938895EB01C99E0944A0826B8132018
74A315A700B5F945AB8AE2B8AE29C13BC461077A46FF0059E6E076B632D71CA6
FA782512A038523D31D85CD38A05577FA463D7C17145C534295342684F38369F
E935EE49EEE5E7289450384E7A2EC26BD38A05571E91BFD7C720B9045109A134
294FACD1E44DAD2148DE270B0B822110B9AE6B922539355740E17345DE420106
2030A42B0A2F55B7A1EE0712134E56117A2F58F00A09C9AA8CD939F40B0B2B29
A9A1354AEC22530267A19002363AF0D01B828A2537D138E561657241AD2A3FD6
A48E01831E03506A6B329B1A73D1283500A109E13981C361A9F70C8C7B1144A7
14D44225177250D073D57D2E10ACD602309AB8A0D4C524D84020C58F1004F0B8
108332A7A4C95393937D54544B9374C9BA65069C3131BC0787A0823E5A9C7CD6
180E1EB858417FFFDA0008010300010500FABF44E90052D8CA73B280402E2835
0F18507E9FE5927465CA2D4D6A0805940A1E0A87CE163EBC27CC1AA67F358585
858F007D03C467FC414D36139FC901C5616161610080FA0229A7CE163EA91CA4
F55858585C5019422CA153000E27C00805C725F5722228A1E709A71E6672073E
4041A9B1A6B572C8987DDE00F00E0BA7C0614DF543C8098DCF991AB0884C4C8D
31985FA232E117A2E41A804510B394C8F283146C584100B0BF4F323510B8E547
0E5323523F09D2271F1C56572F0020C5120A30884500804E8FD3CBC28E241B85
349941C88442E21602765CA21C50395144E4F620B928DEA45C7D638C27B0289A
3C84428DCA6970B3958F0426B494DAE4A9A3E083F92A7AF2135AD609589C884C
4DF545ABDB2108CAF688FA5DEA9C8A210CA0D287A274A9B5F9AAD5F806A6952B
798947031B399820E2187D1EDC9C2C2CFD214C104022F011B002FD5475F280E0
9B2E534A6A070A68F9A83ED31BF9079C08E5C9C20170F38F00A2114423EA990E
5321C787C2147081E3920CF599BE83F737F6D877DB4BF701F4E3C714F763C613
63513138A1EAB89418537D5362CACFACEEF41FB9BFB6777DB47F722B28203C61
39398995B0BDBC22D4C4C9116651626B130229AA5721E8A3B01AAC4DC86BDBEA
42E3E00FA020C594E4D6E5450651870985129A5342720A67787BB0BFD5597890
E40F9C796818880C92B0A26A6A731008350385CBC654E5177ACE8FAA63142CC2
2E58FA434E23CE5A828C2C27C8BDD4255941C82CA9D01EB333D18CCA860CF8C6
572402C221323CAF6D18F080402E584F957341C827141EA27291CA42A1394D6A
6C184D1843C71416114C384D520402013CAE394D8136BAF6149122CC26BB09EE
4F2ABB13DD84CB594C7650F1CBC6110B0B0B09A8A9426A6BC046C008CD947D53
C27845D845EABB53DAA76E1D5AC710D08BB0B2B0805843CB51530410CA734A68
4D4F727B939CA28F2A36E14F2E1589725A7D2B59E488CF803C616161613022D4
495246D29C9A1038425C274D94E728E151B30A69F09CEE49E546B38356E86863
DA561008040203C7E89F2E149B205199CE4644C7A3222E402112070A6B5C535E
5E8FDA9CA329C7C36C3826A6A1E89F3E17F628EC5497C9524A4F963917AF732A
36653512AC58CA6372827273D44F59F057FFDA0008010100010500FA8ADC6FB5
3A7AFD87E64B533B67B5D8EC2596C46D13DB7664B2E29F6119DC48972A19A58A
4F85369F97D47FC972ED4A55FB3FCBB93B0BB62E4F3DCC2B169C54B61C4C9365
CE91C53DD81EE370E91A17E4B48FF9EB7B10DD072E48CAFF007B9FDDCC22F685
CC63C7E9E3B4F72D46820EC9DA36DD82CCB71B189AD292CE53FD53B8A9A46B54
DB189AA5BEE21D6A570632DC89905B0DF8EB736F49DCBC3C269C9C7A06B9CD9D
CF27C15DE7BDC1A58AFDBB36ECD9B29F3B8992573CE5AAC5F8A1536D6572C599
E48B572B88A159B1C5EC3590BE0F7A199BECD1B3EC5CD0EEAAEE34FC91720FC1
710047C43617664F1DCBB2C3A1D2DBB36679AE59713358712F738A9EC322166E
CB22D3E876FB8B917C2AFAF1D9B7922197317F1BA17478865E31D0D54B76DED7
A26D75DACF80FB7B04B8C99492EC3B0FE44CB21114ECF7878F933726FF0068B5
61C4CF2654AFF4B57F880D967975FF0010C7A8D0EBFB4D6D4DEB3D98755EBB72
FE9EC599A79E5A8F2F99ECA12B8B64A70993B0699B575BF2FECE2D168B6DB1D3
D9EAFBFADBFD03B8E5CFC205A51792A59C41E7BC413D6ECF69EECC8FE22D5973
9683A8ED778E9E3A1F17F54EB3AAEC7A2DABBE5C7F5CEB6CA7B3D95AABD72B51
5677FADAEDB5BC935B71FDAF6B7E5858DC50AB9776BB37A9B7DEDC4E7FE5F936
83A2F34F3924B7DB64CF94FB51C8CF1F23F4E66E3593B1C15A91D2BBA8FC7963
655996B59BEEBBB7F9369F4FA7B8DD760ED3B3A7AC8E386FF707C4E7D99E6B0D
D75CF6B66CD6528DF35C743D49CC34769D8AAEB619ED4F6A7AF65847C05DDE3D
5EC59334B72E707BDA5D24AD9156BAE75FF1FEBE5EE8FF00D7BBA0F46937B34B
B4D35AEB7DB7E419763356A3C532781AFBFBD8A15FD5CF22EBDF1C764B30EC36
DF18F566F60EC53EDF6F1E9B69B7923B12491EE68F1918F9633CDC59D63792EB
B63D2B7716D350676C70CD2B9AD865788EF3BD83E3FD5CA75AED59FA76BBADAF
917B8D9ED3B096BC50436AE3A66470D9B51C3354824D077BD075B92D759F983B
B57EE7F0A6EB475EB683A8745AF2CBB8EDD3C1AAAD1D6ED7A59EB8F67DD34ACB
B5EBAEF5DDE76ADC7C59A0EEBD4E18DE1CE12466592CC721FC88A63E7395DE7A
FB37DD65DD6E76D5DA96B57E24509B9B28DB245D63B0ECA6D7519BA65DD541A4
A2FEEFF3336E4B475F7A5BF42CB9B235AD227D4C57A3EC7A9769B73AAD65CDD5
AE96FF00FC8E8E5DC6CF5FB5D26CBF3B54E3C939DEE1919ED4AEF1FAACAB0F99
90F67D83A6A3A6F8F7B2F615DBFE29D8D3B90EF7A9686D45DC379B39CD0EBBD3
1770EEBD9BB428F70EAECD6F6BA908D66EE9EDA1A53B1B1DDECD4F5A7B6F55DD
6CAB75F7CBADB75A264B6F71A18AF4BFF3FF007D3B2B0F73E51248E0D86CFB0F
256572C0E785EAE6F7BF8E77BD877DB5656D3E93731F2A9D8BAD4106F26EDD3D
266BBAEC15DDBE7665860AB243D63AC4124D1EB75B1C33EE2575CEB7D4E2D387
B39538626B767DB7AFBA30FA92EA7E34FF009F6C3A0ED724CEF6DDCDC4C72349
F0E7608C81CDC17325770D94509F903E69A846F371B5BD36A1F246EA8C96C36C
755AAD8A3AD136C5586B362A0FDAC96BAEEA35FAB865E256CDF1C5476B2BE4DA
F4DADF9A3E5BDD450747F81E7AFF00FAA99EE617B5BC66AD19613EBC972C9E6E
0A59DEC677AF969BAC76CF47DBFB0CDD9BA052D259BF42285F419036CD2B74E3
365D2C91495DA0C3C80D5D674B6EA4388E3FD7647DE6F61B9F8F76A77AD157D5
7C81DD9FD8AC7FCFF5DD27776177BD6667B227BECF02513E8E76007B81B90413
56DDCFA1D15AEB1D5E6AB67E4FACC91DD834FF00D8455B5AD72FC0928DF17299
566DD5E555D2CF26A6944D85D0F11ED378F6295D049D8EBBA4B5DD9DC773429E
BED55F8EB671E83B66BAFD5B149F61AA6B12B91F45FECBBD72D89AE12B9EFEBD
FD66F2ACB14D1F796325ABB2A8EF6854943F67427B0F7E8EAC31C10C724D0975
4974D6639236BB0BED23E4095F09B9B595D7FBCB3FFB29DC7C2FD43F757A5F8E
7A85ED4EA1EC73A5B16238D7259C0CB42C7321E39D98E3F6AE6AE22767D7A4B7
AFDA0ADAFA9736B07BBBCED5F8717F6772D5BA1B964520DC40F34AE4755DAED8
32D4125F605DEF6AD3539B64BDDD29BE5D7E8F437B6367E18E9DBCD46FDDC04D
6266C511A9EE47CD735CF22E5B6C718B7FC6CB2D9A2924C57F71D9EF71345CEC
371CDB369F65F658C7191D0B5CDA7AC7130D59F1D5E49F8EDEF49149DAB6B83D
62075AB3A4D7473D8E97D0F5FA8B15B57AFA76B9E65BCEF72C4D7228C72F473D
C47DBF9131F7672F266A73B819A622BB9E40EC9B0FCC976B4FF927835F2CB046
F74AED4ED4BA86B37D1AAF2D9AB6E2BEC8EE765BAD98EE2C7BA3A243EE42C9A5
AC6BF77D4EBBAF476A29C31FEAC9B363DAE4CE5840E0C12173E1388E393362B3
DC04CFFB2CC8D3537B07E26E1BA79767B0675DA35446C6340A1009657FB4DDB9
6B8D9DA303F65B196396DBDD359EA3A8FC4A156A3711F4EADD83E04F85BE4297
4BB3FC96FBA646883388C3B26C39CE53FDB14A78C30C6F6C50B335AE3B882C63
A2F9175D2D4675693DB9EEDAC87ECAB35866B3F996A08C3F78E8A186F98E15B2
2FB93758D239D26A21C0EA1D36EF65D96C6B41535FF26D2AB4BBE7C57F273760
2695A216C8DC0FD81DFC9EEB5F34EFFE22F6FB35A4C47727E557DEFE3D970920
DC6BA28B617A575B1729DBFEC8EC5B3C7677EF8AAEF7752CD5B7BB3B3259D3E9
DD28A71B5CBE39E89B1ECD674FA6D76A28764B90D3D7EEEE497EFC4F703D33E5
7B50D7ADB28AD57070C649933C8C827B7366293633B5AFB2D82BD87B9C37DDBF
47A78FB6FCD3B399697B0DAD9ECF596DB71BB5DF3E6B515977E77707D68D5C75
99E0A5D6EB423DD882F8E7E2ED8762974DACA3ACD7FA71FF00A4BB1BB59D06C8
F71D1B7D5B903AEF63DA6A2599FC5935DFC796C3E39E1B3DC7ABEA26D87CBBAC
6C937CB7B0926DF7C93D96F0BFB0767F0DD2A8647467E1980F66ED33FC2DB982
D6D3A26D6AD9DAED2092D87E0B2496C4DF1DFC44D864D3526C718180FF0046FF
00D45B975DED762BB81C7A8F443F5FFFDA0008010202063F00D92E6183D465F4
1F5BE870D52CC2C53F224C4882F066760B0B5EDEC785C9A734F6A715982CA8AE
C2C8AAC82C82C89FFFDA0008010302063F00F6B418812B9F80EDE624CC2E0AAE
82E82E89FF00FFDA0008010101063F00FA79FA8548301BA84B797AA304C6834F
2872779792F7A10AEEA158E3E6B8AD5BB1B112362DD8E558E559BC08B6D83BD1
B76612956129892C2A27CC47CAD9DF0F58BD1FF8A55154E8B2C86270D6C183A4
F979B5334D8558E25D4EA8C2D56A550755505BC6B3591222D9F5472C72C72F83
6AFF00845D8DAB16DB7A2B34D35BD54CCED95BF04B0FDAF0A0A722A459E05F26
D8B7E8A954123952A9D9D30ADE5EB70C2BF5CE2B54A2BD8B00B752240BA1C291
68AC6C84B625DB160AA42A22DB2C2AA472FF00845A825292CB0AAA3747C6B1A3
D6D9608D5B4C39E56DE2CA2F5BC2849CA916F8D22CE942EDD845679B1942B78F
679BF40A929151CD4579B972FF004A0EAEB4D5EA8359B6ACD642ED8B6D8EAF83
695EE18B8920F962401374AC9B8461B432109A6ECC126286956F11B928CEB7BD
185501449AA45A1244BAB0D81AA4A552E095B78904061176DD61C221B38CAEF5
E1B7DB6ED3A77C5D11596552649B7658A4D4E956D66ADB1747C96E21F33C1E5F
1422F347F8C0F912D871F2C3C81E172AB61549F674CDF139FA30E56D512B950E
ACC44B0BB63C7F5C7462FAC2C8B206F14052E9D4AF54BC6B2F6604E7FA3F6907
4955A9D23DF3165F786F47B08BB1DE2277F2BDDC3EA09826095C4945082E17EE
CC61249BB26267056ED847862900C93B06DC74A449890BFB6FC539AEC13471F9
9C5E52DDBB0C2292CC0D3AE90B63C93E19629A912C673DCA6A7CF716EA11962E
A439AAB2B9F48D2B84F0C92904F704BA61F97153F2E5439ED54AA28455790BDE
B63F99E9F82DB3FBFC090B625E3D83094C0B6341ED0BEEF85DA79ACA7D2D325B
1FC43BCE97A90BB63678151B459B8A111115C325BA364D6F465DF8A9F99FE767
8E9B4DA66D1DEE14A99952E4DECC7F067F67FC38F94748D174F15F907E6DA271
95AA641C2AD0A831C4FBA1C181D73F8714B4BF356A14B4A54AE3F4950F549895
46A14B4C240C3EC655F379CB9732FDA4F067A534FD4698E9CF4FDEE5CE6C7848
77F2FDD7BCF8B0E2822BE0E990364177015EBC115192E21DCEEEDE4DD2020C53
0F07C28055685B01685A72D59ADE2284B6CBA928EF5D871879A4217424995652
42E218734BADD3CEB9D909A6751C2D9B66325E138A4AEA775B0A8A731366DE20
E2FD64516AF4CA92563426428B34A5BC3E6146CE68B615570C66AA6CE468611B
B2D5B6674FA5E1D5C5C1948AA49C1F2898898978155615116EF141BEDB795A5D
298FF50AF708459A71C533A465C1B8DC6A9ACE87421ADD769158C86AEFD58E59
0519B6262E3120B972F05FFD67C38F99D3E7D545F9335ED3CAA356AF7DF27692
9DCA9222699689E29CCDB074D8732DBDC621BF977FFCF5FAC799695C3AAD7353
61BCC99EC5DD98ECF2AFF693B8DFEC9C85AE374EBAB496679EA83222E39488F0
05EC1ECE02BB54A81A166C97254A5159F14A38CFF679700C69B4E994385C34CB
1FDD7F123BDCB33350842F597494B18FDE85669D995A2DDB6F4277FAD5477FF8
CC5E297D7843A1D3A4DA225575657A5E88E38A761AAD9EA8D48DC69B111106F7
7CF70E2D574D4A2B92B2A11C63FA8B9DD1BB6F00658E67A6F4C716247ABE4E94
6DC1F7615D545106F08AF3C2B4688AAE25AE784AB691BFFD9D28CC32FBD6C313
7FC38555EB42A260E14E78FEB1AA2952E960E832D8981095413D845A3DC667F6
8FC1E8AED00E9BA25477CD0B54A065BBD4F540E761565275679FE198451D1505
6A6BBF35D2E9EDE9F5CEB003DC1C90A6689F9FB49DB023CA06F8FB583D4759AE
3AFA82727C83709B65B2964EC989A46AE5C9FDA7E2C672CCCCD89A9AE9C9D1C6
70ACE934E2C90ACBDECC47313F54D600EBB998E41BF50E395555EF0AF3AE4665
73CDE9F4D24D9AE28CCBC30D1AD1BF526F84CDD4D589362E0F13427B908768D3
5396110ECC57ABC7169B4802D2CA4E71C6C4B6A0EF32D2FAC50B50E12999ACD3
420215858845798A2A34C7D6CA7AD94C7F0DEDEFDE4258A8A8A934DD18B13619
E2F20C226E7DD08001D88AB6AF9906AA8A80B84BE83BADD002773A82FE69B14F
64E1EF750FF321ED4AAE995ED2292643690C40AA1E01BB4E3D7E387D9AB11A5D
24A9F6BAB2B434D4A6133445C9EC0C4838F3421FA5F97D4A8E8AA0E7ACAD46FB
B54571658B598E8E30CC011FC4B916DE64C12EEC1956114259852F388908AC2C
CEE1CCC56F5477E11CD45E5A369D5B1968126A8708F088886FF41B84AA0A36FE
57D1EC117B56D4D247CC43E1536333FD665C19698DAFCC3AE04DFF00B2ADED64
73A2381AEA0406A7A9A2D5E52DE654A56D47747A011FD43534265A349991964E
CFA23B81D338C8D2850A918BBDE6C99902E8FC6384B5548C9262715662528B11
611655121DE8A7AA4B67031221F1C51BE0537786C5D2DBC9D1F4E1C72DDAAB60
C28272D829E74384B885241EB432A1BA927D07692A9B17A9DE12079A34B4484B
9461BA67EBC99D2D8AB2D4B4D78DC26C90991BD4EE97BDDD36BE2491914ED776
D11897BBD0224B98E4D9A4FBA3C73916507BBFD6C4EF2A28D975B54BD342CF71
AE1B61550929E90526EF2E61FD38B691649A5172BDE498947F08633343A02AED
71F516BBF3BDAD4991DC1112C14F7F71B8A9D42AAA29E8B4D68DC1941FCD78C9
92EDC4071BA6C5ECDED1BC06D432542675E6FD6B94A4CAA8CAACE4E6F7A98B03
3D3738A0350F989D6F51D6FB3769295B49C5B20F86C1E3BFFEEAABB3F84D42BB
5ED772D288C899D3DB5BC73EF3E58CCFF59FBA84A706C41A149445139214D054
84171746032F1C385554F68961254BB37560283E5FA65A9AE34277293B3106F7
89D2C0D04269DAE8539B0730B254CFE7E591F14E2DC9029B8CA5EEB44E7C897C
A2EE00BC51B6C5B2F7D1ACA01043A8973292DE6782F041D7BC0A8446434ED2A5
E940A4222F3E1515263B6597C7D18472A911E7AD99BA245E4E93A5086F20D654
7BB630D387F9E12AF5145A5A1241271DB2516DB3C2443B8CF4FDDC53AD310D2D
450BECEA15553564DE59132E0B4ED33BC00E014ED1FC3ED61DADA3705341D3B5
27F5DD26BDFF00E599A41AC6882B1822771D3386E3A73FB3BE19599970B41F2A
077AA800168B5B70656C0430F7568F73F1DFFD934E42D757AAD4D599CE4F38B9
97BCFDFE9C221A62C3096590ADB816CC92C3AC1A48237DB2E8C3A8CB533A0824
4E2F4CA483A6D3366B1A8A90D456D97A50E1FF00C50C542D5BB9C4E8CC466453
CE514CE6CCC75267AC585455B1394A15A6D2401C450991B50EE97D0B121C5685
0DE41250155B054B7462BDBD4590A6D4E94E4AE6D812CB94C44C4989F1E64D23
5F893C3F5D414D934AD4D357B9ECD3F0E947DF1FC53F67F971651238DE92C53B
6ED457B8B9AE3AF1CD9BD907C3011F4E1A3D274F76BC85B1EF4E560E5DAF4DBB
C011FD374BA26BB6075A79A31CD6D59A9F6ADCA77019DFF321AD53E74AE3D6BE
67506CE9F4842170D24F66E3B9B71AE0CF7FB5BBD9350951AABBDD34A60E7A2D
298985A4E1294EFBAEFE3BFDA7C26DB84447469C077513FB4F169D69CE2B7455
B9861114512A1ABC248B754624D8BD2800342A8ADA8B94B40D24CF385D11FBF0
DEABA8B80B5AD2CCE51329D9B4CF0CDEF4FE29C37222281A107D500AF38206D2
6155971C69F5EC1A2D3D2BF3560F44048C4BD38D574678D4885F76AE80D57FDB
3CE14C3FB32BFD4218B1165124B48A329ADD4BC50696DA2587C3E589512D58B1
17EB58A6742B91AD28E4A77842EBC0DDE2329BF2BE1CD0D50D000B2CD38374D4
ADA2611C1126F59156FABC01A7CE46449CD3E2185D37E5468698C97B4D48D073
BCD23C1D7F69075D5AEAD6D71A9193AE2915E3DEBF7CCFA6E7691C42378ACE2D
D8700D92278FDE5BC919F55DA08EEADD1484506D0082F66E1B6134AD0006B351
34989C54EC581E274BEE41D7543CB59A9BA9FCC56B897BAA3C01D087D5E4F6B0
D4F6008D44B32F37E84515750DF75D4E64BD72350D51F296AAA9B709B15DC101
298A05E4B12E8B2E5BF0DE1FF3B43000188D262856816C687DA390AAC2A10797
9BC3E55D83160A5BE358B052DB396265D927AD0D663A80D01CEF37BD2F4B8020
E8B4A4CE22BB282CA3E96FFECFB385EF4E2F4580BAD879B08965E23BB094F4E2
86ED97AD594520D6A155E7B16DBADA79B171A16807C4908DBC826D15E993D687
D9526829DA39792670C4C6ECA5B811974ECA00DB3385888CB888B7E002CB8497
A0ED1BB65E84C9D839B38F56686EAABCBF97A349AFAF2C6AB517419AA6FF00A7
E974E2BF14A574A09934ED1F2A6CBF31E298BED0FA7044164D81BB63212E8E27
0A172DCB3A36F85553979062514B6CE78556C14E5C5642E9FA789545695D16E9
D330D4BADF71B6DC864BE6ED51BF9634AA870419A02EDEBEA0B85AA30CC70CF7
FB771CFF00EB454D3D06975A74C62394ED62B79E7D2C5F62151C64993DE6CD25
2853512301C36240538392BB89B1B397A51638B34DBDE38B5512101300DE8A87
376D6DAF3806F7AD1E218B56169D49044EECCAB0A883786E8DBC503A7EA4F8B0
ED2B4D9914D292898C334F4B326934137756CF1138789C2FFC70896FB2A53789
57F05C6FFCDF6602DC2D24E5D68D9ED5DBDE6C72ADDF2786C4E5E418CB04B65C
45074EE2AA01A4A522CA509A6691419FABD4368A2CB167797675BBDB97B16B7D
D3FDDC7F55D68DBAAD6DC9B2F2C656291BF82C0FE6BEE768EB9F8596DB6C9AA7
315E4836D6E93462425E290AF7D885401B0786033844DAB6664931244F9C25F5
2C599C25B799668406C724496F3C78BCD1FE2403603707797D68FF00A42AD8BC
914D65931B852EDBD877A11391EB6621DE861553FDB35CBD6285402407492699
70A1451D5D42A835781C7116EA89EE97A3EA405583A26D545E1245DD8578D71F
B3EAC5C4BB167815539AE8F5A1579E2DDBD58ABF991971FADA8AC4C9A96DC94A
4A7C7D80F43FEE403ED923806975C1C2B027C2643C90EC89789641F5CA116CE7
C300016CC3BD0A550A025E5871B04494709224229ED0B71424AA92F922C559BA
50A9C84514EF5B84FEF423965F7548A654E519AEC533966266C2EB4D1B2D1FAA
32E868DCAC96F164891434B5D52655CFCA4E534D336DCFBB2C259846EC2A5A83
2F83ED4222EEDE899700C2245A8888A1B61CA8A479CA278EF1134A3291711367
721F62A2BEA5FE10B45A19BF6433C23609208B844567AD1607A50A8C221D4592
88F8A15EAB70DC2B70DB7639D00A001768E1218CCA42550C4E34BCDD5803B661
B2249B15D8729C36BA493116F2F47A90D48B3E528990F8861B7C12EDB7897986
29C1B6D729D310CCDD4BD2FAF1A8A95488533196D5552D934EE1DF1704B8249B
B4FE1C25964A33142746F144EE622BC5E044E2BC508BCE651673AC662F341222
F347F742D9E385916C1252830A544001BB32272942A1DAB3273C25A9D5248426
D104E2D95671C43F7A36B44B35D9ADE5F3B8E2A295C4972AF376C0388A9289DE
E286DCD8A4535E5BD761C72DBB608979FF00E98EEEE4A2D13640E12A5D961F7D
5A64C72C81B141BA906E53B22D99A8CC49CF20C2ADA9C8230DB7E583B56F0242
C589CABB2003C4906BBA1760DADDB61C1E1428448354F1917D987CD4916FB82D
EC98560DF32421149BEA8CE55FF9F2C00D1521B92DEE4BB0B6A48E96EA45B50E
ACA292EC194A5EB402281A115E9556615F3616B5BBB384A43608D85D584464AC
74AF7D5060E2CA7688958B3439226131BD0AFB2969B4047B526B78A34FACD526
A4A5A9EC86A95089A0296E4C5B80E71B90DBEC382F327785C0598546585D9EF3
EEC38F6E84D06E1A2116F12C590A4BCC90E3CB8614D794EF43A5E4833B6E94D0
D8AE2259A1C55DE421F4E2AE95026175735BD9C8270E376AF7461652D9754A1B
03A3453DDBB16314C8D858579521B3786FBB34BC308AE0A10E11B798A2741BD8
44AC85672C85E159DB245BB374A2D7151BDD9521C915546D9860013195E228B5
7C52C545238C8E7D6D19F73251DE0F605E988C0E81A9BAA3A654AFF2F3DD166A
0F77A0067307EB3AF089BB6943FC44B2C20712475611B4D846BF6614037D6585
445E44874F8A2CC37227E84BE9C222E1BB0DD6B086E88CC05BC4938E28EDAD42
7EF6DE861871C05B08D3284BC5144DEED52E54A8BBB7BB487296AD1447348D97
03708250987A124229AA981DF22DD4854C24497460DF345944FD7854992719A5
1B79611EA81ECB10DBCF089BB0342C213342096EA55BF0DBF863F8CE7FDBF6B1
4FA6D202374D4ED883609CC203208C6BAC532223215AECA28B7662948BED9145
3E85ACB9FCE85CA3AB35F6A3C25D3FCC85B7E25E80B6160CF741251804B704C4
507BD09E224854E6B08636D980613EB19BD18507050C4AE90AF3C545D1685ABE
246528A8F0C36C8A10B25964F106194CA10182B275EC46CC0C86F43F22CEEB48
244365E97887A10750AA9382C8D8F888C71419A22CB68CC4BD3846155789C1FB
B198F8C92DE2B63624A384452132AD674C68ECAAAF54FB2D719FE5C374340D23
34EDA726F2AF1116F1455573EA80C52B4E3CE12F40668A8AE7BDAD5B8E5439D6
7888FEF4259B0ADE680D375C2579925ECEB7DE07EB7A1D386DE69D171A24BAE0
2CD07F5C389D3845C28692CD1237788EE8C64AA4C63766806D56F925D1846FAB
08B5952227788586EF38BE6C2B3A580D135BAE2F68F2FDC0847352333648C4AA
9F322709477865F461D61CECCC8C4A64E61E2F422D6CAE31303765EB642C3E84
54D5305248A4443E21E186E9E926468D04E53EADDF5A01B6CAD78E5173A126F7
5E11C7C94CED98AD8404B1077A1AABAF43A3D26D98470BCFF57803A70D50D134
2C52B032B6D0258289E0A8A102B2A357706904517DDE377EC0942AAEF2CDE0D9
1652541B636E1C42A5D5834F2942A925C3F5A10CEC96CC507DEABC5D7470B2CF
6A49E842AD269AEBC3BAE3C42DC2BA940C870CE645641B615094CD14D30B092F
DA8555252325BC4B89633AA9544310B5BCB08616008E1B30C3FF002F3A883350
BF56CBF6DE42689B009B8C3B5FB106756E825382910E5E2329BEC454B8CADB4A
6840E36A9795B3C43D7856D555D7A9D32884D25B24FEC31B30E28061868DEA83
595B69B4988CA1BD4BE601476AAD12668B136DF48B8CE06C4B25F0D169AD9AE5
D1539190FE23C528FD812FA3FFD9
