Waldo..........
XXXXXXXXXXXXXXXX
 Waldo.........
  Waldo.......
XXXXXXXXXXXXXXXXXXXXXXXXXXXXXXX
   Waldo.......
XXXXXXXXXXXXXXXXXXXXXXXXXXXXXXXX
    Waldo......
     Waldo....
XXXXXXXXXXXXXXXXXXXXXXXXXXXXXXXXXXXXXXXXXXXXXXXX
      Waldo....
