[32m[K0000000000000000[m[K[36m[K:[m[K [41;1m[K5761[m[K [41;1m[K6C64[m[K [41;1m[K6F[m[K2E 2E2E 2E2E 2E2E 2E2E 2E0A  [41;1m[KWaldo[m[K...........
[32m[K0000000000000010[m[K[36m[K:[m[K 20[41;1m[K57[m[K [41;1m[K616C[m[K [41;1m[K646F[m[K [41;1m[K[m[K2E2E 2E2E 2E2E 2E2E 2E0A   [41;1m[KWaldo[m[K..........
[32m[K0000000000000020[m[K[36m[K:[m[K 2020 [41;1m[K5761[m[K [41;1m[K6C64[m[K [41;1m[K6F[m[K2E 2E2E 2E2E 2E2E 2E0A    [41;1m[KWaldo[m[K.........
[32m[K0000000000000030[m[K[36m[K:[m[K 2020 20[41;1m[K57[m[K [41;1m[K616C[m[K [41;1m[K646F[m[K [41;1m[K[m[K2E2E 2E2E 2E2E 2E0A     [41;1m[KWaldo[m[K........
[32m[K0000000000000040[m[K[36m[K:[m[K 2020 2020 [41;1m[K5761[m[K [41;1m[K6C64[m[K [41;1m[K6F[m[K2E 2E2E 2E2E 2E0A      [41;1m[KWaldo[m[K.......
[32m[K0000000000000050[m[K[36m[K:[m[K 2020 2020 20[41;1m[K57[m[K [41;1m[K616C[m[K [41;1m[K646F[m[K [41;1m[K[m[K2E2E 2E2E 2E0A       [41;1m[KWaldo[m[K......
[32m[K0000000000000060[m[K[36m[K:[m[K 2020 2020 2020 [41;1m[K5761[m[K [41;1m[K6C64[m[K [41;1m[K6F[m[K2E 2E2E 2E0A        [41;1m[KWaldo[m[K.....
[32m[K0000000000000070[m[K[36m[K:[m[K 2020 2020 2020 20[41;1m[K57[m[K [41;1m[K616C[m[K [41;1m[K646F[m[K [41;1m[K[m[K2E2E 2E0A         [41;1m[KWaldo[m[K....
[32m[K0000000000000080[m[K[36m[K:[m[K 2020 2020 2020 2020 [41;1m[K5761[m[K [41;1m[K6C64[m[K [41;1m[K6F[m[K2E 2E0A          [41;1m[KWaldo[m[K...
[32m[K0000000000000090[m[K[36m[K:[m[K 2020 2020 2020 2020 20[41;1m[K57[m[K [41;1m[K616C[m[K [41;1m[K646F[m[K [41;1m[K[m[K2E0A           [41;1m[KWaldo[m[K..
[32m[K00000000000000A0[m[K[36m[K:[m[K 2020 2020 2020 2020 2020 [41;1m[K5761[m[K [41;1m[K6C64[m[K [41;1m[K6F[m[K0A            [41;1m[KWaldo[m[K.
[32m[K00000000000000B0[m[K[36m[K:[m[K 2020 2020 2020 2020 2020 20[41;1m[K57[m[K [41;1m[K616C[m[K [41;1m[K646F[m[K             [41;1m[KWaldo[m[K
[32m[K00000000000000C0[m[K[36m[K:[m[K 0A20 2020 2020 2020 2020 2020 [41;1m[K5761[m[K [41;1m[K6C64[m[K  .           [41;1m[KWald[m[K
[32m[K00000000000000D0[m[K[36m[K:[m[K [41;1m[K6F[m[K0A 2020 2020 2020 2020 2020 20[41;1m[K57[m[K [41;1m[K616C[m[K  [41;1m[Ko[m[K.           [41;1m[KWal[m[K
[32m[K00000000000000E0[m[K[36m[K:[m[K [41;1m[K646F[m[K [41;1m[K[m[K0A20 2020 2020 2020 2020 2020 [41;1m[K5761[m[K  [41;1m[Kdo[m[K.           [41;1m[KWa[m[K
[32m[K00000000000000F0[m[K[36m[K:[m[K [41;1m[K6C64[m[K [41;1m[K6F[m[K0A 2020 2020 2020 2020 2020 20[41;1m[K57[m[K  [41;1m[Kldo[m[K.           [41;1m[KW[m[K
[32m[K0000000000000100[m[K[36m[K:[m[K [41;1m[K616C[m[K [41;1m[K646F[m[K [41;1m[K[m[K0A20 2020 2020 2020 2020 2020  [41;1m[Kaldo[m[K.           
[32m[K0000000000000110[m[K[36m[K:[m[K [41;1m[K5761[m[K [41;1m[K6C64[m[K [41;1m[K6F[m[K0A                           [41;1m[KWaldo[m[K.
